
Memory Configuration

Name             Origin             Length             Attributes
flash            0x08000000         0x00020000
ram              0x20000000         0x00008000
*default*        0x00000000         0xffffffff

Linker script and memory map

LOAD /tmp/cc6ZQQ7s.o
LOAD /tmp/cc942lln.o
START GROUP
LOAD /usr/lib/gcc/arm-none-eabi/12.2.1/thumb/v7e-m/nofp/libgcc.a
LOAD /usr/lib/gcc/arm-none-eabi/12.2.1/../../../arm-none-eabi/lib/thumb/v7e-m/nofp/libg.a
LOAD /usr/lib/gcc/arm-none-eabi/12.2.1/../../../arm-none-eabi/lib/thumb/v7e-m/nofp/libc.a
END GROUP
                0x08000000                        . = ORIGIN (flash)

.text           0x08000000      0x394
 *(.vectors)
 .vectors       0x08000000      0x1d8 /tmp/cc6ZQQ7s.o
                0x08000000                Vectors
 *(.text)
 .text          0x080001d8      0x134 /tmp/cc6ZQQ7s.o
                0x080001d8                initClock
                0x0800028c                init
                0x08000304                Default_Handler
 .text          0x0800030c       0x88 /tmp/cc942lln.o
                0x0800030c                delay
                0x0800032c                main

.glue_7         0x08000394        0x0
 .glue_7        0x08000394        0x0 linker stubs

.glue_7t        0x08000394        0x0
 .glue_7t       0x08000394        0x0 linker stubs

.vfp11_veneer   0x08000394        0x0
 .vfp11_veneer  0x08000394        0x0 linker stubs

.v4_bx          0x08000394        0x0
 .v4_bx         0x08000394        0x0 linker stubs

.iplt           0x08000394        0x0
 .iplt          0x08000394        0x0 /tmp/cc6ZQQ7s.o

.rel.dyn        0x08000394        0x0
 .rel.iplt      0x08000394        0x0 /tmp/cc6ZQQ7s.o
                0x20000000                        . = ORIGIN (ram)

.data           0x20000000        0x0 load address 0x08000394
                0x08000394                        INIT_DATA_VALUES = LOADADDR (.data)
                0x20000000                        INIT_DATA_START = .
 *(.data)
 .data          0x20000000        0x0 /tmp/cc6ZQQ7s.o
 .data          0x20000000        0x0 /tmp/cc942lln.o
                0x20000000                        INIT_DATA_END = .
                0x20000000                        . = ALIGN (0x4)
                0x20000000                        BSS_START = .

.igot.plt       0x20000000        0x0 load address 0x08000394
 .igot.plt      0x20000000        0x0 /tmp/cc6ZQQ7s.o

.bss            0x20000000        0x0 load address 0x08000394
 *(.bss)
 .bss           0x20000000        0x0 /tmp/cc6ZQQ7s.o
 .bss           0x20000000        0x0 /tmp/cc942lln.o
                0x20000000                        . = ALIGN (0x4)
                0x20000000                        BSS_END = .
OUTPUT(main.elf elf32-littlearm)
LOAD linker stubs

.debug_info     0x00000000      0x788
 .debug_info    0x00000000      0x43d /tmp/cc6ZQQ7s.o
 .debug_info    0x0000043d      0x34b /tmp/cc942lln.o

.debug_abbrev   0x00000000      0x23a
 .debug_abbrev  0x00000000      0x15d /tmp/cc6ZQQ7s.o
 .debug_abbrev  0x0000015d       0xdd /tmp/cc942lln.o

.debug_aranges  0x00000000       0x40
 .debug_aranges
                0x00000000       0x20 /tmp/cc6ZQQ7s.o
 .debug_aranges
                0x00000020       0x20 /tmp/cc942lln.o

.debug_line     0x00000000      0x211
 .debug_line    0x00000000      0x133 /tmp/cc6ZQQ7s.o
 .debug_line    0x00000133       0xde /tmp/cc942lln.o

.debug_str      0x00000000      0x3c7
 .debug_str     0x00000000      0x380 /tmp/cc6ZQQ7s.o
                                0x3b9 (size before relaxing)
 .debug_str     0x00000380       0x47 /tmp/cc942lln.o
                                0x338 (size before relaxing)

.comment        0x00000000       0x26
 .comment       0x00000000       0x26 /tmp/cc6ZQQ7s.o
                                 0x27 (size before relaxing)
 .comment       0x00000026       0x27 /tmp/cc942lln.o

.ARM.attributes
                0x00000000       0x2e
 .ARM.attributes
                0x00000000       0x2e /tmp/cc6ZQQ7s.o
 .ARM.attributes
                0x0000002e       0x2e /tmp/cc942lln.o

.debug_frame    0x00000000       0xc0
 .debug_frame   0x00000000       0x6c /tmp/cc6ZQQ7s.o
 .debug_frame   0x0000006c       0x54 /tmp/cc942lln.o
